round 1 raw-routes         static        53107
round 1 raw-routes         param         55130
round 1 raw-routes         middleware    51795
round 1 raw-routes         routes-1000   23148
round 1 raw-routes         param-random  26622
round 1 raw-routes         json          29443
round 1 elysia             static        43250
round 1 elysia             param         31681
round 1 elysia             middleware    23597
round 1 elysia             routes-1000   22639
round 1 elysia             param-random  24762
round 1 elysia             json          23807
round 1 elysia2            static        49434
round 1 elysia2            param         47538
round 1 elysia2            middleware    33693
round 1 elysia2            routes-1000   49570
round 1 elysia2            param-random  45983
round 1 elysia2            json          25130
round 1 base/bun-common    static        19293
round 1 base/bun-common    param         20954
round 1 base/bun-common    middleware    18970
round 1 base/bun-common    routes-1000   17697
round 1 base/bun-common    param-random  7319
round 1 base/bun-common    json          14772
round 1 bun-common         static        29519
round 1 bun-common         param         30549
round 1 bun-common         middleware    29012
round 1 bun-common         routes-1000   29292
round 1 bun-common         param-random  23538
round 1 bun-common         json          14807
round 1 base/bun-nest      static        15879
round 1 base/bun-nest      param         14685
round 1 base/bun-nest      middleware    14480
round 1 base/bun-nest      routes-1000   14203
round 1 base/bun-nest      param-random  6002
round 1 base/bun-nest      json          10688
round 1 bun-nest           static        17440
round 1 bun-nest           param         15396
round 1 bun-nest           middleware    15799
round 1 bun-nest           routes-1000   17137
round 1 bun-nest           param-random  12648
round 1 bun-nest           json          10632
round 2 raw-routes         static        61260
round 2 raw-routes         param         55555
round 2 raw-routes         middleware    55973
round 2 raw-routes         routes-1000   24541
round 2 raw-routes         param-random  25957
round 2 raw-routes         json          30482
round 2 elysia             static        43397
round 2 elysia             param         32378
round 2 elysia             middleware    23087
round 2 elysia             routes-1000   23038
round 2 elysia             param-random  26249
round 2 elysia             json          24116
round 2 elysia2            static        50437
round 2 elysia2            param         48104
round 2 elysia2            middleware    34262
round 2 elysia2            routes-1000   46475
round 2 elysia2            param-random  51839
round 2 elysia2            json          23733
round 2 base/bun-common    static        18146
round 2 base/bun-common    param         19519
round 2 base/bun-common    middleware    18533
round 2 base/bun-common    routes-1000   17798
round 2 base/bun-common    param-random  5662
round 2 base/bun-common    json          14288
round 2 bun-common         static        30511
round 2 bun-common         param         30819
round 2 bun-common         middleware    27971
round 2 bun-common         routes-1000   29440
round 2 bun-common         param-random  21378
round 2 bun-common         json          15897
round 2 base/bun-nest      static        14596
round 2 base/bun-nest      param         12848
round 2 base/bun-nest      middleware    13449
round 2 base/bun-nest      routes-1000   13982
round 2 base/bun-nest      param-random  5521
round 2 base/bun-nest      json          11174
round 2 bun-nest           static        17627
round 2 bun-nest           param         16901
round 2 bun-nest           middleware    14844
round 2 bun-nest           routes-1000   15966
round 2 bun-nest           param-random  13609
round 2 bun-nest           json          11310
round 3 raw-routes         static        59018
round 3 raw-routes         param         55362
round 3 raw-routes         middleware    58115
round 3 raw-routes         routes-1000   23509
round 3 raw-routes         param-random  26870
round 3 raw-routes         json          30205
round 3 elysia             static        43234
round 3 elysia             param         30534
round 3 elysia             middleware    21676
round 3 elysia             routes-1000   21324
round 3 elysia             param-random  23413
round 3 elysia             json          24713
round 3 elysia2            static        45485
round 3 elysia2            param         43640
round 3 elysia2            middleware    35481
round 3 elysia2            routes-1000   45389
round 3 elysia2            param-random  46818
round 3 elysia2            json          25629
round 3 base/bun-common    static        18179
round 3 base/bun-common    param         19955
round 3 base/bun-common    middleware    18232
round 3 base/bun-common    routes-1000   18909
round 3 base/bun-common    param-random  7064
round 3 base/bun-common    json          14046
round 3 bun-common         static        30674
round 3 bun-common         param         30267
round 3 bun-common         middleware    27624
round 3 bun-common         routes-1000   31270
round 3 bun-common         param-random  25432
round 3 bun-common         json          14979
round 3 base/bun-nest      static        14024
round 3 base/bun-nest      param         14671
round 3 base/bun-nest      middleware    14265
round 3 base/bun-nest      routes-1000   13271
round 3 base/bun-nest      param-random  5951
round 3 base/bun-nest      json          10798
round 3 bun-nest           static        17669
round 3 bun-nest           param         17252
round 3 bun-nest           middleware    16247
round 3 bun-nest           routes-1000   16797
round 3 bun-nest           param-random  13629
round 3 bun-nest           json          10325
