round 1 elysia             static        38038
round 1 elysia             param         31798
round 1 elysia             middleware    23070
round 1 elysia             routes-1000   23161
round 1 elysia             param-random  22612
round 1 elysia             json          25277
round 1 elysia2            static        47467
round 1 elysia2            param         46839
round 1 elysia2            middleware    33727
round 1 elysia2            routes-1000   42215
round 1 elysia2            param-random  41846
round 1 elysia2            json          23570
round 1 base/bun-common    static        17973
round 1 base/bun-common    param         18792
round 1 base/bun-common    middleware    19124
round 1 base/bun-common    routes-1000   19186
round 1 base/bun-common    param-random  6955
round 1 base/bun-common    json          14918
round 1 bun-common         static        27588
round 1 bun-common         param         27390
round 1 bun-common         middleware    26231
round 1 bun-common         routes-1000   25746
round 1 bun-common         param-random  19686
round 1 bun-common         json          12747
round 1 base/bun-nest      static        14279
round 1 base/bun-nest      param         13997
round 1 base/bun-nest      middleware    12297
round 1 base/bun-nest      routes-1000   13535
round 1 base/bun-nest      param-random  5685
round 1 base/bun-nest      json          10989
round 1 bun-nest           static        18473
round 1 bun-nest           param         17351
round 1 bun-nest           middleware    17576
round 1 bun-nest           routes-1000   18268
round 1 bun-nest           param-random  15000
round 1 bun-nest           json          10646
round 2 elysia             static        44468
round 2 elysia             param         30318
round 2 elysia             middleware    23478
round 2 elysia             routes-1000   23062
round 2 elysia             param-random  25679
round 2 elysia             json          24206
round 2 elysia2            static        54588
round 2 elysia2            param         48210
round 2 elysia2            middleware    34834
round 2 elysia2            routes-1000   43917
round 2 elysia2            param-random  45457
round 2 elysia2            json          24314
round 2 base/bun-common    static        18642
round 2 base/bun-common    param         18307
round 2 base/bun-common    middleware    18996
round 2 base/bun-common    routes-1000   18274
round 2 base/bun-common    param-random  6695
round 2 base/bun-common    json          14663
round 2 bun-common         static        27140
round 2 bun-common         param         26515
round 2 bun-common         middleware    26825
round 2 bun-common         routes-1000   26498
round 2 bun-common         param-random  21736
round 2 bun-common         json          14707
round 2 base/bun-nest      static        14578
round 2 base/bun-nest      param         13486
round 2 base/bun-nest      middleware    14178
round 2 base/bun-nest      routes-1000   12655
round 2 base/bun-nest      param-random  5996
round 2 base/bun-nest      json          10998
round 2 bun-nest           static        18306
round 2 bun-nest           param         16403
round 2 bun-nest           middleware    18002
round 2 bun-nest           routes-1000   17487
round 2 bun-nest           param-random  14646
round 2 bun-nest           json          10063
round 3 elysia             static        41183
round 3 elysia             param         30429
round 3 elysia             middleware    21910
round 3 elysia             routes-1000   22795
round 3 elysia             param-random  25917
round 3 elysia             json          26765
round 3 elysia2            static        44409
round 3 elysia2            param         43044
round 3 elysia2            middleware    40388
round 3 elysia2            routes-1000   44285
round 3 elysia2            param-random  47091
round 3 elysia2            json          24717
round 3 base/bun-common    static        19247
round 3 base/bun-common    param         17833
round 3 base/bun-common    middleware    18130
round 3 base/bun-common    routes-1000   18768
round 3 base/bun-common    param-random  7333
round 3 base/bun-common    json          14584
round 3 bun-common         static        26529
round 3 bun-common         param         25342
round 3 bun-common         middleware    26435
round 3 bun-common         routes-1000   28166
round 3 bun-common         param-random  22126
round 3 bun-common         json          15431
round 3 base/bun-nest      static        16780
round 3 base/bun-nest      param         14861
round 3 base/bun-nest      middleware    15029
round 3 base/bun-nest      routes-1000   15148
round 3 base/bun-nest      param-random  5956
round 3 base/bun-nest      json          11705
round 3 bun-nest           static        20348
round 3 bun-nest           param         17524
round 3 bun-nest           middleware    17322
round 3 bun-nest           routes-1000   17678
round 3 bun-nest           param-random  15138
round 3 bun-nest           json          11203
