round 1 static        raw-routes          124518 req/s  p99 0.95ms  load 1.5
round 1 static        raw-fetch           112099 req/s  p99 1.04ms  load 2.2
round 1 static        elysia               97170 req/s  p99 1.20ms  load 2.72
round 1 static        bun-common           48567 req/s  p99 2.13ms  load 2.85
round 1 static        proto-index          50520 req/s  p99 1.99ms  load 2.79
round 1 static        proto-native         42340 req/s  p99 2.25ms  load 2.83
round 1 static        bun-common-lean      75999 req/s  p99 1.44ms  load 2.77
round 1 static        proto-index-lean     80377 req/s  p99 1.40ms  load 2.66
round 1 static        proto-native-lean    66531 req/s  p99 1.45ms  load 2.71
round 1 static        bun-nest             40489 req/s  p99 2.87ms  load 2.68
round 1 static        proto-nest-index     40351 req/s  p99 2.83ms  load 2.88
round 1 static        proto-nest-native    36740 req/s  p99 3.00ms  load 2.9
round 1 param         raw-routes          122607 req/s  p99 0.96ms  load 2.76
round 1 param         raw-fetch           110938 req/s  p99 1.06ms  load 3.02
round 1 param         elysia               79757 req/s  p99 1.46ms  load 3.15
round 1 param         bun-common           48549 req/s  p99 2.07ms  load 3.28
round 1 param         proto-index          49799 req/s  p99 2.06ms  load 3.24
round 1 param         proto-native         38963 req/s  p99 2.47ms  load 3.68
round 1 param         bun-common-lean      80390 req/s  p99 1.43ms  load 3.73
round 1 param         proto-index-lean     79788 req/s  p99 1.41ms  load 3.7
round 1 param         proto-native-lean    54654 req/s  p99 1.72ms  load 3.66
round 1 param         bun-nest             38263 req/s  p99 2.94ms  load 3.5
round 1 param         proto-nest-index     39979 req/s  p99 2.86ms  load 3.58
round 1 param         proto-nest-native    30360 req/s  p99 3.42ms  load 3.65
round 1 middleware    raw-routes          127449 req/s  p99 0.93ms  load 3.47
round 1 middleware    raw-fetch           112997 req/s  p99 1.07ms  load 3.47
round 1 middleware    elysia               65475 req/s  p99 1.43ms  load 4.03
round 1 middleware    bun-common           48522 req/s  p99 2.08ms  load 3.79
round 1 middleware    proto-index          48853 req/s  p99 2.03ms  load 3.62
round 1 middleware    proto-native         41118 req/s  p99 2.31ms  load 3.52
round 1 middleware    bun-common-lean      71812 req/s  p99 1.48ms  load 3.52
round 1 middleware    proto-index-lean     79702 req/s  p99 1.46ms  load 3.44
round 1 middleware    proto-native-lean    59170 req/s  p99 1.60ms  load 3.45
round 1 middleware    bun-nest             37970 req/s  p99 2.94ms  load 3.38
round 1 middleware    proto-nest-index     38546 req/s  p99 2.90ms  load 3.25
round 1 middleware    proto-nest-native    30798 req/s  p99 3.31ms  load 2.89
round 1 routes-1000   raw-routes           79165 req/s  p99 1.21ms  load 2.99
round 1 routes-1000   raw-fetch           105184 req/s  p99 1.10ms  load 2.99
round 1 routes-1000   elysia               63903 req/s  p99 1.72ms  load 3.06
round 1 routes-1000   bun-common           48208 req/s  p99 2.07ms  load 3.05
round 1 routes-1000   proto-index          49199 req/s  p99 2.03ms  load 3.19
round 1 routes-1000   proto-native         33714 req/s  p99 2.69ms  load 3.16
round 1 routes-1000   bun-common-lean      78816 req/s  p99 1.33ms  load 3.06
round 1 routes-1000   proto-index-lean     76115 req/s  p99 1.46ms  load 3.04
round 1 routes-1000   proto-native-lean    43774 req/s  p99 2.14ms  load 3.19
round 1 routes-1000   bun-nest             37919 req/s  p99 2.97ms  load 3.09
round 1 routes-1000   proto-nest-index     37600 req/s  p99 3.12ms  load 2.92
round 1 routes-1000   proto-nest-native    27800 req/s  p99 3.72ms  load 3.09
round 1 param-random  raw-routes           82276 req/s  p99 1.45ms  load 3.15
round 1 param-random  raw-fetch           106894 req/s  p99 1.19ms  load 3.28
round 1 param-random  elysia               61758 req/s  p99 1.90ms  load 4.13
round 1 param-random  bun-common            7875 req/s  p99 11.67ms  load 4.03
round 1 param-random  proto-index          15579 req/s  p99 8.66ms  load 3.71
round 1 param-random  proto-native         32797 req/s  p99 2.90ms  load 3.45
round 1 param-random  bun-common-lean       8675 req/s  p99 11.00ms  load 3.38
round 1 param-random  proto-index-lean     15757 req/s  p99 8.42ms  load 3.32
round 1 param-random  proto-native-lean    46333 req/s  p99 2.05ms  load 3.19
round 1 param-random  bun-nest              6777 req/s  p99 14.19ms  load 3.17
round 1 param-random  proto-nest-index     15209 req/s  p99 9.15ms  load 2.98
round 1 param-random  proto-nest-native    27658 req/s  p99 3.63ms  load 2.83
round 1 json          raw-routes           85122 req/s  p99 1.35ms  load 3.01
round 1 json          raw-fetch            78151 req/s  p99 1.46ms  load 3.25
round 1 json          elysia               76898 req/s  p99 1.50ms  load 3.28
round 1 json          bun-common           44824 req/s  p99 2.15ms  load 3.63
round 1 json          proto-index          45686 req/s  p99 2.34ms  load 3.53
round 1 json          proto-native         44103 req/s  p99 2.16ms  load 3.52
round 1 json          bun-nest             36652 req/s  p99 3.02ms  load 3.26
round 1 json          proto-nest-index     34714 req/s  p99 3.19ms  load 3.22
round 1 json          proto-nest-native    34926 req/s  p99 3.15ms  load 3.1
  load 3.09 >= 2, waiting…
round 2 static        raw-routes          121358 req/s  p99 0.96ms  load 1.96
round 2 static        raw-fetch           111270 req/s  p99 1.09ms  load 2.28
round 2 static        elysia               97239 req/s  p99 1.21ms  load 2.62
round 2 static        bun-common           49957 req/s  p99 2.05ms  load 2.84
round 2 static        proto-index          50316 req/s  p99 2.03ms  load 2.86
round 2 static        proto-native         45093 req/s  p99 2.15ms  load 2.8
round 2 static        bun-common-lean      73934 req/s  p99 1.51ms  load 2.75
round 2 static        proto-index-lean     76932 req/s  p99 1.38ms  load 2.95
round 2 static        proto-native-lean    67102 req/s  p99 1.43ms  load 3.11
round 2 static        bun-nest             39377 req/s  p99 2.94ms  load 3.09
round 2 static        proto-nest-index     41327 req/s  p99 2.90ms  load 3.22
round 2 static        proto-nest-native    35336 req/s  p99 3.10ms  load 3.4
round 2 param         raw-routes          117905 req/s  p99 0.98ms  load 3.19
round 2 param         raw-fetch           112056 req/s  p99 1.05ms  load 3.23
round 2 param         elysia               82778 req/s  p99 1.43ms  load 3.35
round 2 param         bun-common           48658 req/s  p99 2.03ms  load 3.3
round 2 param         proto-index          52309 req/s  p99 1.96ms  load 3.32
round 2 param         proto-native         38606 req/s  p99 2.59ms  load 3.35
round 2 param         bun-common-lean      75645 req/s  p99 1.47ms  load 2.98
round 2 param         proto-index-lean     79833 req/s  p99 1.44ms  load 3.22
round 2 param         proto-native-lean    54726 req/s  p99 1.74ms  load 3.27
round 2 param         bun-nest             38530 req/s  p99 2.92ms  load 3.23
round 2 param         proto-nest-index     39904 req/s  p99 2.89ms  load 3.11
round 2 param         proto-nest-native    29790 req/s  p99 3.53ms  load 3.09
round 2 middleware    raw-routes          125123 req/s  p99 0.95ms  load 2.85
round 2 middleware    raw-fetch           111463 req/s  p99 1.05ms  load 3.11
round 2 middleware    elysia               69720 req/s  p99 1.44ms  load 3.02
round 2 middleware    bun-common           47417 req/s  p99 2.16ms  load 3.09
round 2 middleware    proto-index          48813 req/s  p99 2.03ms  load 3.24
round 2 middleware    proto-native         40967 req/s  p99 2.27ms  load 3.2
round 2 middleware    bun-common-lean      78411 req/s  p99 1.41ms  load 3.24
round 2 middleware    proto-index-lean     78915 req/s  p99 1.31ms  load 3.29
round 2 middleware    proto-native-lean    58147 req/s  p99 1.60ms  load 3.86
round 2 middleware    bun-nest             37785 req/s  p99 2.97ms  load 3.65
round 2 middleware    proto-nest-index     38627 req/s  p99 2.93ms  load 3.4
round 2 middleware    proto-nest-native    31217 req/s  p99 3.33ms  load 3.42
round 2 routes-1000   raw-routes           81628 req/s  p99 1.28ms  load 3.43
round 2 routes-1000   raw-fetch           109453 req/s  p99 1.09ms  load 3.36
round 2 routes-1000   elysia               61194 req/s  p99 1.52ms  load 3.34
round 2 routes-1000   bun-common           48541 req/s  p99 2.03ms  load 3.36
round 2 routes-1000   proto-index          49166 req/s  p99 2.05ms  load 3.39
round 2 routes-1000   proto-native         33773 req/s  p99 2.80ms  load 3.33
round 2 routes-1000   bun-common-lean      79396 req/s  p99 1.33ms  load 3.2
round 2 routes-1000   proto-index-lean     77790 req/s  p99 1.34ms  load 3.17
round 2 routes-1000   proto-native-lean    44914 req/s  p99 2.10ms  load 3.15
round 2 routes-1000   bun-nest             38678 req/s  p99 2.96ms  load 3.2
round 2 routes-1000   proto-nest-index     39101 req/s  p99 2.91ms  load 3.55
round 2 routes-1000   proto-nest-native    28081 req/s  p99 3.60ms  load 3.61
round 2 param-random  raw-routes           79747 req/s  p99 1.47ms  load 3.36
round 2 param-random  raw-fetch           105449 req/s  p99 1.12ms  load 3.31
round 2 param-random  elysia               63259 req/s  p99 1.88ms  load 3.34
round 2 param-random  bun-common            7803 req/s  p99 11.86ms  load 3.29
round 2 param-random  proto-index          15170 req/s  p99 8.39ms  load 3.09
round 2 param-random  proto-native         33542 req/s  p99 2.78ms  load 2.77
round 2 param-random  bun-common-lean       8790 req/s  p99 10.75ms  load 2.8
round 2 param-random  proto-index-lean     16544 req/s  p99 8.37ms  load 2.83
round 2 param-random  proto-native-lean    45543 req/s  p99 1.98ms  load 2.78
round 2 param-random  bun-nest              6613 req/s  p99 16.43ms  load 2.81
round 2 param-random  proto-nest-index     15092 req/s  p99 9.72ms  load 2.77
round 2 param-random  proto-nest-native    27075 req/s  p99 3.73ms  load 2.96
round 2 json          raw-routes           82840 req/s  p99 1.40ms  load 3.11
round 2 json          raw-fetch            81221 req/s  p99 1.45ms  load 3.32
round 2 json          elysia               75729 req/s  p99 1.55ms  load 3.5
round 2 json          bun-common           45786 req/s  p99 2.12ms  load 3.42
round 2 json          proto-index          44146 req/s  p99 2.25ms  load 3.36
round 2 json          proto-native         43502 req/s  p99 2.18ms  load 3.38
round 2 json          bun-nest             36354 req/s  p99 3.06ms  load 3.47
round 2 json          proto-nest-index     33939 req/s  p99 3.14ms  load 3.4
round 2 json          proto-nest-native    35664 req/s  p99 3.02ms  load 3.5
  load 3.32 >= 2, waiting…
  load 2 >= 2, waiting…
round 3 static        raw-routes          124218 req/s  p99 0.96ms  load 1.85
round 3 static        raw-fetch           116703 req/s  p99 1.03ms  load 2.25
round 3 static        elysia               96337 req/s  p99 1.22ms  load 2.52
round 3 static        bun-common           50667 req/s  p99 2.02ms  load 2.74
round 3 static        proto-index          49246 req/s  p99 2.10ms  load 2.86
round 3 static        proto-native         42948 req/s  p99 2.33ms  load 2.88
round 3 static        bun-common-lean      74874 req/s  p99 1.52ms  load 2.74
round 3 static        proto-index-lean     76612 req/s  p99 1.49ms  load 2.78
round 3 static        proto-native-lean    65964 req/s  p99 1.46ms  load 2.81
round 3 static        bun-nest             41343 req/s  p99 2.80ms  load 2.84
round 3 static        proto-nest-index     41772 req/s  p99 2.74ms  load 2.87
round 3 static        proto-nest-native    36683 req/s  p99 3.04ms  load 2.89
round 3 param         raw-routes          125006 req/s  p99 0.96ms  load 2.75
round 3 param         raw-fetch           117468 req/s  p99 1.03ms  load 2.87
round 3 param         elysia               77803 req/s  p99 1.48ms  load 2.97
round 3 param         bun-common           48523 req/s  p99 2.02ms  load 2.97
round 3 param         proto-index          49989 req/s  p99 2.01ms  load 2.98
round 3 param         proto-native         38741 req/s  p99 2.43ms  load 2.98
round 3 param         bun-common-lean      80478 req/s  p99 1.45ms  load 2.98
round 3 param         proto-index-lean     76843 req/s  p99 1.44ms  load 3.07
round 3 param         proto-native-lean    54621 req/s  p99 1.69ms  load 3.82
round 3 param         bun-nest             38875 req/s  p99 2.93ms  load 3.57
round 3 param         proto-nest-index     38403 req/s  p99 3.02ms  load 3.33
round 3 param         proto-nest-native    31418 req/s  p99 3.33ms  load 3.44
round 3 middleware    raw-routes          129710 req/s  p99 0.94ms  load 3.46
round 3 middleware    raw-fetch           111814 req/s  p99 1.07ms  load 3.61
round 3 middleware    elysia               69341 req/s  p99 1.49ms  load 3.6
round 3 middleware    bun-common           48189 req/s  p99 2.11ms  load 3.39
round 3 middleware    proto-index          47681 req/s  p99 2.01ms  load 3.33
round 3 middleware    proto-native         39101 req/s  p99 2.35ms  load 3.27
round 3 middleware    bun-common-lean      78337 req/s  p99 1.46ms  load 3.15
round 3 middleware    proto-index-lean     77678 req/s  p99 1.35ms  load 3.2
round 3 middleware    proto-native-lean    60925 req/s  p99 1.61ms  load 3.17
round 3 middleware    bun-nest             36709 req/s  p99 3.09ms  load 3.29
round 3 middleware    proto-nest-index     38074 req/s  p99 2.88ms  load 3.44
round 3 middleware    proto-nest-native    30959 req/s  p99 3.32ms  load 3.53
round 3 routes-1000   raw-routes           78935 req/s  p99 1.45ms  load 3.52
round 3 routes-1000   raw-fetch           109694 req/s  p99 1.08ms  load 3.59
round 3 routes-1000   elysia               62148 req/s  p99 1.63ms  load 3.89
round 3 routes-1000   bun-common           49742 req/s  p99 2.03ms  load 3.75
round 3 routes-1000   proto-index          50355 req/s  p99 1.98ms  load 3.86
round 3 routes-1000   proto-native         34099 req/s  p99 2.72ms  load 3.89
round 3 routes-1000   bun-common-lean      76740 req/s  p99 1.40ms  load 3.63
round 3 routes-1000   proto-index-lean     79528 req/s  p99 1.33ms  load 3.53
round 3 routes-1000   proto-native-lean    47278 req/s  p99 1.87ms  load 3.96
round 3 routes-1000   bun-nest             39075 req/s  p99 2.88ms  load 3.97
round 3 routes-1000   proto-nest-index     37314 req/s  p99 2.99ms  load 4.04
round 3 routes-1000   proto-nest-native    27067 req/s  p99 3.69ms  load 4.03
round 3 param-random  raw-routes           81031 req/s  p99 1.47ms  load 3.64
round 3 param-random  raw-fetch           109881 req/s  p99 1.09ms  load 3.7
round 3 param-random  elysia               63943 req/s  p99 1.89ms  load 3.67
round 3 param-random  bun-common            7696 req/s  p99 11.77ms  load 3.94
round 3 param-random  proto-index          15211 req/s  p99 9.06ms  load 3.81
round 3 param-random  proto-native         33736 req/s  p99 2.76ms  load 3.6
round 3 param-random  bun-common-lean       8397 req/s  p99 10.72ms  load 3.5
round 3 param-random  proto-index-lean     16097 req/s  p99 8.30ms  load 3.51
round 3 param-random  proto-native-lean    45021 req/s  p99 2.17ms  load 3.43
round 3 param-random  bun-nest              6884 req/s  p99 13.73ms  load 4.22
round 3 param-random  proto-nest-index     14972 req/s  p99 9.19ms  load 3.88
round 3 param-random  proto-nest-native    27048 req/s  p99 3.78ms  load 3.74
round 3 json          raw-routes           84548 req/s  p99 1.38ms  load 3.63
round 3 json          raw-fetch            80184 req/s  p99 1.43ms  load 3.53
round 3 json          elysia               77052 req/s  p99 1.54ms  load 3.52
round 3 json          bun-common           42900 req/s  p99 2.19ms  load 3.37
round 3 json          proto-index          43815 req/s  p99 2.19ms  load 2.98
round 3 json          proto-native         44389 req/s  p99 2.14ms  load 2.91
round 3 json          bun-nest             34045 req/s  p99 3.20ms  load 2.92
round 3 json          proto-nest-index     35023 req/s  p99 3.20ms  load 3.38
round 3 json          proto-nest-native    35459 req/s  p99 3.01ms  load 3.32

| target | static | param | middleware | routes-1000 | param-random | json |
|---|---:|---:|---:|---:|---:|---:|
| raw-routes | 124,218 | 122,607 | 127,449 | 79,165 | 81,031 | 84,548 |
| raw-fetch | 112,099 | 112,056 | 111,814 | 109,453 | 106,894 | 80,184 |
| elysia | 97,170 | 79,757 | 69,341 | 62,148 | 63,259 | 76,898 |
| bun-common | 49,957 | 48,549 | 48,189 | 48,541 | 7,803 | 44,824 |
| proto-index | 50,316 | 49,989 | 48,813 | 49,199 | 15,211 | 44,146 |
| proto-native | 42,948 | 38,741 | 40,967 | 33,773 | 33,542 | 44,103 |
| bun-common-lean | 74,874 | 80,390 | 78,337 | 78,816 | 8,675 | — |
| proto-index-lean | 76,932 | 79,788 | 78,915 | 77,790 | 16,097 | — |
| proto-native-lean | 66,531 | 54,654 | 59,170 | 44,914 | 45,543 | — |
| bun-nest | 40,489 | 38,530 | 37,785 | 38,678 | 6,777 | 36,354 |
| proto-nest-index | 41,327 | 39,904 | 38,546 | 37,600 | 15,092 | 34,714 |
| proto-nest-native | 36,683 | 30,360 | 30,959 | 27,800 | 27,075 | 35,459 |
wrote ../results/bench-full.json
